// Jest Snapshot v1, https://goo.gl/fbAQLP

exports[`Entries snapshot 1`] = `
<RCTScrollView
  style={
    Object {
      "padding": 8,
    }
  }
>
  <View />
</RCTScrollView>
`;
